x = 5
// this is a line comment
+ 3
/* Formatted with _Format FM Calc. Service based on Calculation_formatter.pl © 2008 by Debi Fuchs <debi@aptworks.com> and released under the GNU license. Debugged, modified, updated, and repackaged as a service by Michael Kupietz <consulting-fmsvc@kupietz.com> https://kupietz.com. Updated again at tremendous risk and great personal expense for nicer formatting 2017-2024. Released under GNU license, see source code for details. Be excellent to each other. */
